// Jest Snapshot v1, https://goo.gl/fbAQLP

exports[`definitions/Array errors if \`valueType\` is empty 1`] = `
"Invalid ArrayDefinition field \\"valueType\\". Type must be one of: string, shape. Received string with the following invalidations:
 - String cannot be empty."
`;
